2026-08-30 16:58:34 | INFO     | root | setup_logging:83 | Logging configured for prabha_dairy_api
2026-08-30 16:58:34 | INFO     | root | setup_logging:84 | Log directory: D:\Prabha Dairy\prabha-dairy-purchase-milk-sync\logs
2026-08-30 16:58:34 | WARNING  | root | validate_secret_key:101 | SECRET_KEY is using default value! Generate a secure key with: openssl rand -hex 32
2026-08-30 16:58:35 | INFO     | api.main | lifespan:52 | ======================================================================
2026-08-30 16:58:35 | INFO     | api.main | lifespan:53 | Starting Prabha Dairy API Server
2026-08-30 16:58:35 | INFO     | api.main | lifespan:54 | ======================================================================
2026-08-30 16:58:35 | INFO     | config | validate_environment:139 | ======================================================================
2026-08-30 16:58:35 | INFO     | config | validate_environment:140 | PRABHA DAIRY - PRODUCTION CONFIGURATION
2026-08-30 16:58:35 | INFO     | config | validate_environment:141 | ======================================================================
2026-08-30 16:58:35 | INFO     | config | validate_environment:142 | Environment      : PRODUCTION
2026-08-30 16:58:35 | INFO     | config | validate_environment:143 | Debug Mode       : False
2026-08-30 16:58:35 | INFO     | config | validate_environment:144 | Host:Port        : 0.0.0.0:8000
2026-08-30 16:58:35 | INFO     | config | validate_environment:145 | Workers          : 4
2026-08-30 16:58:35 | INFO     | config | validate_environment:146 | Database         : localhost:5433/prabha_dairy
2026-08-30 16:58:35 | INFO     | config | validate_environment:147 | Tally ERP        : 127.0.0.1:9000
2026-08-30 16:58:35 | INFO     | config | validate_environment:148 | API Key Auth     : Disabled
2026-08-30 16:58:35 | INFO     | config | validate_environment:149 | Rate Limiting    : Enabled
2026-08-30 16:58:35 | INFO     | config | validate_environment:150 | CORS Origins     : http://localhost:3000, http://localhost:8000
2026-08-30 16:58:35 | INFO     | config | validate_environment:151 | ======================================================================
2026-08-30 16:58:35 | WARNING  | config | validate_environment:170 | PRODUCTION SECURITY WARNINGS:
2026-08-30 16:58:35 | WARNING  | config | validate_environment:172 |   [WARNING] No API key configured - authentication disabled
2026-08-30 16:58:35 | WARNING  | config | validate_environment:172 |   [WARNING] Using default SECRET_KEY
2026-08-30 16:58:35 | WARNING  | config | validate_environment:173 | Fix these before deploying to production!
2026-08-30 16:58:35 | INFO     | config | validate_environment:175 | Configuration validated successfully
2026-08-30 16:58:35 | DEBUG    | database.db | receive_connect:69 | New database connection established
2026-08-30 16:58:35 | DEBUG    | database.db | receive_checkout:74 | Connection checked out from pool
2026-08-30 16:58:35 | INFO     | api.main | lifespan:66 | [OK] Database connection verified
2026-08-30 16:58:35 | INFO     | api.main | lifespan:67 | [OK] Server startup complete
2026-08-30 16:58:35 | INFO     | api.main | lifespan:68 | ======================================================================
2026-08-30 16:58:39 | INFO     | api_access | log_api_request:150 | GET / | 307 | 3ms
2026-08-30 16:58:39 | INFO     | api_access | log_api_request:150 | GET /app | 200 | 80ms
2026-08-30 16:58:39 | DEBUG    | database.db | receive_checkout:74 | Connection checked out from pool
2026-08-30 16:58:40 | WARNING  | api_access | log_api_request:148 | GET /favicon.ico | 404 | 1ms
2026-08-30 16:58:41 | INFO     | api_access | log_api_request:150 | GET /sync/status | 200 | 2030ms
2026-08-30 16:58:44 | DEBUG    | database.db | receive_checkout:74 | Connection checked out from pool
2026-08-30 16:58:44 | INFO     | api_access | log_api_request:150 | GET /analytics/period-summary | 200 | 47ms
2026-08-30 16:58:44 | DEBUG    | database.db | receive_checkout:74 | Connection checked out from pool
2026-08-30 16:58:44 | INFO     | api_access | log_api_request:150 | GET /analytics/period-summary | 200 | 16ms
2026-08-30 16:58:45 | DEBUG    | database.db | receive_connect:69 | New database connection established
2026-08-30 16:58:45 | DEBUG    | database.db | receive_checkout:74 | Connection checked out from pool
2026-08-30 16:58:45 | DEBUG    | database.db | receive_connect:69 | New database connection established
2026-08-30 16:58:45 | DEBUG    | database.db | receive_checkout:74 | Connection checked out from pool
2026-08-30 16:58:45 | DEBUG    | database.db | receive_connect:69 | New database connection established
2026-08-30 16:58:45 | DEBUG    | database.db | receive_checkout:74 | Connection checked out from pool
2026-08-30 16:58:45 | DEBUG    | database.db | receive_connect:69 | New database connection established
2026-08-30 16:58:45 | DEBUG    | database.db | receive_checkout:74 | Connection checked out from pool
2026-08-30 16:58:45 | INFO     | api_access | log_api_request:150 | GET /analytics/milk-type-breakdown | 200 | 182ms
2026-08-30 16:58:45 | INFO     | api_access | log_api_request:150 | GET /analytics/daily-breakdown | 200 | 189ms
2026-08-30 16:58:45 | INFO     | api_access | log_api_request:150 | GET /analytics/supplier-breakdown | 200 | 190ms
2026-08-30 16:58:45 | INFO     | api_access | log_api_request:150 | GET /analytics/godown-breakdown | 200 | 196ms
2026-08-30 16:59:03 | DEBUG    | database.db | receive_checkout:74 | Connection checked out from pool
2026-08-30 16:59:03 | DEBUG    | database.db | receive_checkout:74 | Connection checked out from pool
2026-08-30 16:59:03 | DEBUG    | database.db | receive_checkout:74 | Connection checked out from pool
2026-08-30 16:59:03 | DEBUG    | database.db | receive_checkout:74 | Connection checked out from pool
2026-08-30 16:59:03 | DEBUG    | database.db | receive_checkout:74 | Connection checked out from pool
2026-08-30 16:59:03 | INFO     | api_access | log_api_request:150 | GET /analytics/period-summary | 200 | 25ms
2026-08-30 16:59:03 | DEBUG    | database.db | receive_checkout:74 | Connection checked out from pool
2026-08-30 16:59:03 | INFO     | api_access | log_api_request:150 | GET /analytics/period-summary | 200 | 44ms
2026-08-30 16:59:03 | INFO     | api_access | log_api_request:150 | GET /analytics/daily-breakdown | 200 | 101ms
2026-08-30 16:59:03 | INFO     | api_access | log_api_request:150 | GET /analytics/milk-type-breakdown | 200 | 114ms
2026-08-30 16:59:03 | INFO     | api_access | log_api_request:150 | GET /analytics/supplier-breakdown | 200 | 158ms
2026-08-30 16:59:03 | INFO     | api_access | log_api_request:150 | GET /analytics/godown-breakdown | 200 | 167ms
2026-08-30 17:00:39 | DEBUG    | database.db | receive_checkout:74 | Connection checked out from pool
2026-08-30 17:00:39 | DEBUG    | database.db | receive_checkout:74 | Connection checked out from pool
2026-08-30 17:00:39 | DEBUG    | database.db | receive_checkout:74 | Connection checked out from pool
2026-08-30 17:00:39 | DEBUG    | database.db | receive_checkout:74 | Connection checked out from pool
2026-08-30 17:00:39 | DEBUG    | database.db | receive_checkout:74 | Connection checked out from pool
2026-08-30 17:00:39 | INFO     | api_access | log_api_request:150 | GET /analytics/period-summary | 200 | 29ms
2026-08-30 17:00:39 | DEBUG    | database.db | receive_checkout:74 | Connection checked out from pool
2026-08-30 17:00:39 | INFO     | api_access | log_api_request:150 | GET /analytics/period-summary | 200 | 36ms
2026-08-30 17:00:39 | INFO     | api_access | log_api_request:150 | GET /analytics/daily-breakdown | 200 | 100ms
2026-08-30 17:00:40 | INFO     | api_access | log_api_request:150 | GET /analytics/milk-type-breakdown | 200 | 105ms
2026-08-30 17:00:40 | INFO     | api_access | log_api_request:150 | GET /analytics/supplier-breakdown | 200 | 155ms
2026-08-30 17:00:40 | INFO     | api_access | log_api_request:150 | GET /analytics/godown-breakdown | 200 | 167ms
2026-08-30 17:00:41 | DEBUG    | database.db | receive_checkout:74 | Connection checked out from pool
2026-08-30 17:00:41 | DEBUG    | database.db | receive_checkout:74 | Connection checked out from pool
2026-08-30 17:00:41 | DEBUG    | database.db | receive_checkout:74 | Connection checked out from pool
2026-08-30 17:00:41 | DEBUG    | database.db | receive_checkout:74 | Connection checked out from pool
2026-08-30 17:00:41 | DEBUG    | database.db | receive_checkout:74 | Connection checked out from pool
2026-08-30 17:00:41 | INFO     | api_access | log_api_request:150 | GET /analytics/period-summary | 200 | 32ms
2026-08-30 17:00:41 | DEBUG    | database.db | receive_checkout:74 | Connection checked out from pool
2026-08-30 17:00:41 | INFO     | api_access | log_api_request:150 | GET /analytics/period-summary | 200 | 35ms
2026-08-30 17:00:41 | INFO     | api_access | log_api_request:150 | GET /analytics/daily-breakdown | 200 | 94ms
2026-08-30 17:00:41 | INFO     | api_access | log_api_request:150 | GET /analytics/milk-type-breakdown | 200 | 109ms
2026-08-30 17:00:41 | INFO     | api_access | log_api_request:150 | GET /analytics/supplier-breakdown | 200 | 180ms
2026-08-30 17:00:41 | INFO     | api_access | log_api_request:150 | GET /analytics/godown-breakdown | 200 | 194ms
2026-08-30 17:00:42 | DEBUG    | database.db | receive_checkout:74 | Connection checked out from pool
2026-08-30 17:00:42 | DEBUG    | database.db | receive_checkout:74 | Connection checked out from pool
2026-08-30 17:00:42 | DEBUG    | database.db | receive_checkout:74 | Connection checked out from pool
2026-08-30 17:00:42 | DEBUG    | database.db | receive_checkout:74 | Connection checked out from pool
2026-08-30 17:00:42 | DEBUG    | database.db | receive_checkout:74 | Connection checked out from pool
2026-08-30 17:00:42 | INFO     | api_access | log_api_request:150 | GET /analytics/period-summary | 200 | 38ms
2026-08-30 17:00:42 | DEBUG    | database.db | receive_checkout:74 | Connection checked out from pool
2026-08-30 17:00:42 | INFO     | api_access | log_api_request:150 | GET /analytics/daily-breakdown | 200 | 68ms
2026-08-30 17:00:42 | INFO     | api_access | log_api_request:150 | GET /analytics/period-summary | 200 | 41ms
2026-08-30 17:00:42 | INFO     | api_access | log_api_request:150 | GET /analytics/milk-type-breakdown | 200 | 101ms
2026-08-30 17:00:42 | INFO     | api_access | log_api_request:150 | GET /analytics/supplier-breakdown | 200 | 153ms
2026-08-30 17:00:42 | INFO     | api_access | log_api_request:150 | GET /analytics/godown-breakdown | 200 | 159ms
2026-08-30 17:05:09 | INFO     | api_access | log_api_request:150 | GET / | 307 | 2ms
2026-08-30 17:05:19 | INFO     | api_access | log_api_request:150 | GET /app | 200 | 2ms
2026-08-30 17:05:19 | DEBUG    | database.db | receive_checkout:74 | Connection checked out from pool
2026-08-30 17:05:21 | INFO     | api_access | log_api_request:150 | GET /sync/status | 200 | 2022ms
2026-08-30 17:05:24 | INFO     | root | setup_logging:83 | Logging configured for prabha_dairy_api
2026-08-30 17:05:24 | INFO     | root | setup_logging:84 | Log directory: D:\Prabha Dairy\prabha-dairy-purchase-milk-sync\logs
2026-08-30 17:05:24 | WARNING  | root | validate_secret_key:101 | SECRET_KEY is using default value! Generate a secure key with: openssl rand -hex 32
2026-08-30 17:05:25 | INFO     | api.main | lifespan:52 | ======================================================================
2026-08-30 17:05:25 | INFO     | api.main | lifespan:53 | Starting Prabha Dairy API Server
2026-08-30 17:05:25 | INFO     | api.main | lifespan:54 | ======================================================================
2026-08-30 17:05:25 | INFO     | config | validate_environment:139 | ======================================================================
2026-08-30 17:05:25 | INFO     | config | validate_environment:140 | PRABHA DAIRY - PRODUCTION CONFIGURATION
2026-08-30 17:05:25 | INFO     | config | validate_environment:141 | ======================================================================
2026-08-30 17:05:25 | INFO     | config | validate_environment:142 | Environment      : PRODUCTION
2026-08-30 17:05:25 | INFO     | config | validate_environment:143 | Debug Mode       : False
2026-08-30 17:05:25 | INFO     | config | validate_environment:144 | Host:Port        : 0.0.0.0:8000
2026-08-30 17:05:25 | INFO     | config | validate_environment:145 | Workers          : 4
2026-08-30 17:05:25 | INFO     | config | validate_environment:146 | Database         : localhost:5433/prabha_dairy
2026-08-30 17:05:25 | INFO     | config | validate_environment:147 | Tally ERP        : 127.0.0.1:9000
2026-08-30 17:05:25 | INFO     | config | validate_environment:148 | API Key Auth     : Disabled
2026-08-30 17:05:25 | INFO     | config | validate_environment:149 | Rate Limiting    : Enabled
2026-08-30 17:05:25 | INFO     | config | validate_environment:150 | CORS Origins     : http://localhost:3000, http://localhost:8000
2026-08-30 17:05:25 | INFO     | config | validate_environment:151 | ======================================================================
2026-08-30 17:05:25 | WARNING  | config | validate_environment:170 | PRODUCTION SECURITY WARNINGS:
2026-08-30 17:05:25 | WARNING  | config | validate_environment:172 |   [WARNING] No API key configured - authentication disabled
2026-08-30 17:05:25 | WARNING  | config | validate_environment:172 |   [WARNING] Using default SECRET_KEY
2026-08-30 17:05:25 | WARNING  | config | validate_environment:173 | Fix these before deploying to production!
2026-08-30 17:05:25 | INFO     | config | validate_environment:175 | Configuration validated successfully
2026-08-30 17:05:25 | DEBUG    | database.db | receive_connect:69 | New database connection established
2026-08-30 17:05:25 | DEBUG    | database.db | receive_checkout:74 | Connection checked out from pool
2026-08-30 17:05:25 | INFO     | api.main | lifespan:66 | [OK] Database connection verified
2026-08-30 17:05:25 | INFO     | api.main | lifespan:67 | [OK] Server startup complete
2026-08-30 17:05:25 | INFO     | api.main | lifespan:68 | ======================================================================
2026-08-30 17:06:08 | INFO     | api_access | log_api_request:150 | GET / | 307 | 3ms
2026-08-30 17:06:08 | INFO     | api_access | log_api_request:150 | GET /app | 200 | 84ms
2026-08-30 17:06:08 | DEBUG    | database.db | receive_checkout:74 | Connection checked out from pool
2026-08-30 17:06:10 | INFO     | api_access | log_api_request:150 | GET /sync/status | 200 | 2028ms
2026-08-30 17:06:12 | DEBUG    | database.db | receive_checkout:74 | Connection checked out from pool
2026-08-30 17:06:12 | INFO     | api_access | log_api_request:150 | GET /analytics/daily-breakdown | 200 | 29ms
2026-08-30 17:06:12 | DEBUG    | database.db | receive_connect:69 | New database connection established
2026-08-30 17:06:12 | DEBUG    | database.db | receive_checkout:74 | Connection checked out from pool
2026-08-30 17:06:12 | DEBUG    | database.db | receive_connect:69 | New database connection established
2026-08-30 17:06:12 | DEBUG    | database.db | receive_checkout:74 | Connection checked out from pool
2026-08-30 17:06:12 | DEBUG    | database.db | receive_connect:69 | New database connection established
2026-08-30 17:06:12 | DEBUG    | database.db | receive_checkout:74 | Connection checked out from pool
2026-08-30 17:06:12 | INFO     | api_access | log_api_request:150 | GET /analytics/period-summary | 200 | 149ms
2026-08-30 17:06:12 | INFO     | api_access | log_api_request:150 | GET /analytics/milk-type-breakdown | 200 | 151ms
2026-08-30 17:06:12 | DEBUG    | database.db | receive_connect:69 | New database connection established
2026-08-30 17:06:12 | DEBUG    | database.db | receive_checkout:74 | Connection checked out from pool
2026-08-30 17:06:12 | DEBUG    | database.db | receive_checkout:74 | Connection checked out from pool
2026-08-30 17:06:12 | INFO     | api_access | log_api_request:150 | GET /analytics/godown-breakdown | 200 | 161ms
2026-08-30 17:06:12 | INFO     | api_access | log_api_request:150 | GET /analytics/period-summary | 200 | 16ms
2026-08-30 17:06:12 | INFO     | api_access | log_api_request:150 | GET /analytics/supplier-breakdown | 200 | 165ms
2026-08-30 17:06:27 | DEBUG    | database.db | receive_checkout:74 | Connection checked out from pool
2026-08-30 17:06:27 | DEBUG    | database.db | receive_checkout:74 | Connection checked out from pool
2026-08-30 17:06:27 | DEBUG    | database.db | receive_checkout:74 | Connection checked out from pool
2026-08-30 17:06:27 | DEBUG    | database.db | receive_checkout:74 | Connection checked out from pool
2026-08-30 17:06:27 | DEBUG    | database.db | receive_checkout:74 | Connection checked out from pool
2026-08-30 17:06:27 | INFO     | api_access | log_api_request:150 | GET /analytics/period-summary | 200 | 39ms
2026-08-30 17:06:27 | DEBUG    | database.db | receive_checkout:74 | Connection checked out from pool
2026-08-30 17:06:27 | INFO     | api_access | log_api_request:150 | GET /analytics/daily-breakdown | 200 | 95ms
2026-08-30 17:06:27 | INFO     | api_access | log_api_request:150 | GET /analytics/period-summary | 200 | 45ms
2026-08-30 17:06:27 | INFO     | api_access | log_api_request:150 | GET /analytics/milk-type-breakdown | 200 | 124ms
2026-08-30 17:06:27 | INFO     | api_access | log_api_request:150 | GET /analytics/supplier-breakdown | 200 | 171ms
2026-08-30 17:06:27 | INFO     | api_access | log_api_request:150 | GET /analytics/godown-breakdown | 200 | 174ms
2026-08-30 17:06:45 | DEBUG    | database.db | receive_checkout:74 | Connection checked out from pool
2026-08-30 17:06:46 | INFO     | api_access | log_api_request:150 | GET /stock/search | 200 | 28ms
2026-08-30 17:06:51 | ERROR    | api_access | log_api_request:146 | GET /stock/live | 502 | 4075ms
2026-08-30 17:13:42 | INFO     | api.main | lifespan:73 | Shutting down Prabha Dairy API Server...
2026-08-30 17:13:42 | INFO     | api.main | lifespan:74 | [OK] Graceful shutdown complete
